../Core/Src/atk_ms901m.c:22:13:atk_ms901m_delay_us	24	static,ignoring_inline_asm
../Core/Src/atk_ms901m.c:91:16:atk_ms901m_get_frame_by_id	32	static
../Core/Src/atk_ms901m.c:252:9:atk_ms901m_read_reg_by_id	72	static
../Core/Src/atk_ms901m.c:288:9:atk_ms901m_write_reg_by_id	24	static
../Core/Src/atk_ms901m.c:323:9:atk_ms901m_init	24	static
../Core/Src/atk_ms901m.c:354:9:atk_ms901m_get_attitude	56	static
../Core/Src/atk_ms901m.c:384:9:atk_ms901m_get_quaternion	56	static
../Core/Src/atk_ms901m.c:416:9:atk_ms901m_get_gyro_accelerometer	64	static
../Core/Src/atk_ms901m.c:464:9:atk_ms901m_get_magnetometer	56	static
../Core/Src/atk_ms901m.c:495:9:atk_ms901m_get_barometer	56	static
../Core/Src/atk_ms901m.c:525:9:atk_ms901m_get_port	56	static
../Core/Src/atk_ms901m.c:556:9:atk_ms901m_get_led_state	24	static
../Core/Src/atk_ms901m.c:576:9:atk_ms901m_set_led_state	24	static
../Core/Src/atk_ms901m.c:609:9:atk_ms901m_get_port_mode	32	static
../Core/Src/atk_ms901m.c:652:9:atk_ms901m_set_port_mode	24	static
../Core/Src/atk_ms901m.c:717:9:atk_ms901m_get_port_pwm_pulse	32	static
../Core/Src/atk_ms901m.c:760:9:atk_ms901m_set_port_pwm_pulse	24	static
../Core/Src/atk_ms901m.c:815:9:atk_ms901m_get_port_pwm_period	32	static
../Core/Src/atk_ms901m.c:858:9:atk_ms901m_set_port_pwm_period	24	static
