../Core/Src/freertos.c:302:6:MX_FREERTOS_Init	8	static
../Core/Src/freertos.c:380:6:StartDefaultTask	80	static
../Core/Src/freertos.c:542:6:StartControlTask	24	static
../Core/Src/freertos.c:588:6:StartCanTask	16	static
../Core/Src/freertos.c:606:6:StartEncoderTask	16	static
../Core/Src/freertos.c:624:6:StartImuTask	40	static
../Core/Src/freertos.c:658:6:StartSbusTask	88	static
../Core/Src/freertos.c:709:6:StartBatteryTask	16	static
../Core/Src/freertos.c:727:6:StartGpsTask	16	static
../Core/Src/freertos.c:745:6:StartLidarTask	16	static
../Core/Src/freertos.c:766:13:ping_timer_callback	24	static
../Core/Src/freertos.c:789:13:chassis_feedback_timer_callback	24	static
../Core/Src/freertos.c:814:13:cmd_vel_callback	24	static
