../Core/Src/sbus.c:33:16:sbus_map_channel_to_1000	24	static
../Core/Src/sbus.c:63:13:uart5_text_to_lower	16	static
../Core/Src/sbus.c:73:13:uart5_text_cmd_equal	24	static
../Core/Src/sbus.c:89:13:uart5_text_send	16	static
../Core/Src/sbus.c:94:6:SBUS_Init	16	static
../Core/Src/sbus.c:131:6:SBUS_TextCommandTest_Init	8	static
../Core/Src/sbus.c:188:6:SBUS_SerialAssistantTest_Init	16	static
../Core/Src/sbus.c:255:10:SBUS_GetRxFrameCount	4	static
../Core/Src/sbus.c:260:6:SBUS_SendSerialAssistantReadyText	8	static
../Core/Src/sbus.c:267:6:SBUS_SendSerialAssistantBadFrameText	8	static
../Core/Src/sbus.c:274:6:SBUS_TextCommandTest_Process	64	static,ignoring_inline_asm
../Core/Src/sbus.c:346:6:SBUS_SendControlDirectionText	40	static
../Core/Src/sbus.c:428:16:SBUS_GetRxBuffer	4	static
../Core/Src/sbus.c:438:6:SBUS_TryParseFrame	24	static
../Core/Src/sbus.c:481:6:SBUS_ConvertToControl	24	static
../Core/Src/sbus.c:509:6:HAL_UART_RxCpltCallback	32	static
../Core/Src/sbus.c:599:6:HAL_UART_ErrorCallback	16	static
../Core/Src/sbus.c:607:6:UART5_IRQHandler	8	static
